2026-03-24 23:47:18,369 | INFO | Attendance (non-TAs) by year:
year_period
2025    344
2026    267
Freq: Y-DEC, Name: attendee_raw, dtype: int64
2026-03-24 23:47:18,369 | INFO | Attendance (non-TAs) by month:
month_period
2025-09      6
2025-10    185
2025-11    100
2025-12     53
2026-01     74
2026-02    118
2026-03     75
Freq: M, Name: attendee_raw, dtype: int64
2026-03-24 23:47:18,370 | INFO | Attendance (non-TAs) by week:
week_period
2025-09-29/2025-10-05    32
2025-10-06/2025-10-12    41
2025-10-13/2025-10-19    38
2025-10-20/2025-10-26    43
2025-10-27/2025-11-02    39
2025-11-03/2025-11-09    36
2025-11-10/2025-11-16    30
2025-11-17/2025-11-23    32
2025-12-01/2025-12-07    26
2025-12-08/2025-12-14    22
2025-12-15/2025-12-21     5
2026-01-05/2026-01-11     1
2026-01-12/2026-01-18    29
2026-01-19/2026-01-25    21
2026-01-26/2026-02-01    25
2026-02-02/2026-02-08    24
2026-02-09/2026-02-15    30
2026-02-16/2026-02-22    31
2026-02-23/2026-03-01    34
2026-03-02/2026-03-08    32
2026-03-09/2026-03-15    23
2026-03-16/2026-03-22    17
Freq: W-SUN, Name: attendee_raw, dtype: int64
2026-03-24 23:47:18,372 | INFO | Pod-specific attendance (non-TAs) by year:
attendee_pod  year_period
1.0           2025           74
              2026           57
2.0           2025           45
              2026           36
3.0           2025           76
              2026           59
4.0           2025           68
              2026           47
5.0           2025           81
              2026           68
Name: attendee_raw, dtype: int64
2026-03-24 23:47:18,373 | INFO | Pod-specific attendance (non-TAs) by month:
attendee_pod  month_period
1.0           2025-09          3
              2025-10         37
              2025-11         22
              2025-12         12
              2026-01         17
              2026-02         28
              2026-03         12
2.0           2025-09          1
              2025-10         28
              2025-11         11
              2025-12          5
              2026-01          8
              2026-02         19
              2026-03          9
3.0           2025-09          2
              2025-10         40
              2025-11         22
              2025-12         12
              2026-01         19
              2026-02         22
              2026-03         18
4.0           2025-10         41
              2025-11         19
              2025-12          8
              2026-01         12
              2026-02         21
              2026-03         14
5.0           2025-10         39
              2025-11         26
              2025-12         16
              2026-01         18
              2026-02         28
              2026-03         22
Name: attendee_raw, dtype: int64
2026-03-24 23:47:18,375 | INFO | Pod-specific attendance (non-TAs) by week:
week_period            attendee_pod
2025-09-29/2025-10-05  1.0             6
                       2.0             5
                       3.0             6
                       4.0             7
                       5.0             8
                                      ..
2026-03-16/2026-03-22  1.0             3
                       2.0             1
                       3.0             4
                       4.0             4
                       5.0             5
Name: attendee_raw, Length: 103, dtype: int64
2026-03-24 23:47:18,379 | INFO | Per weekday attendance (non-TAs) by year:
year_period  attendee_local_weekday
2025         Monday                     21
             Tuesday                    46
             Wednesday                  55
             Thursday                   60
             Friday                    155
             Saturday                    6
             Sunday                      1
2026         Monday                      8
             Tuesday                    54
             Wednesday                  25
             Thursday                   49
             Friday                    111
             Saturday                    6
             Sunday                     14
Name: attendee_raw, dtype: int64
2026-03-24 23:47:18,381 | INFO | Per weekday attendance (non-TAs) by month:
month_period  attendee_local_weekday
2025-09       Monday                     0
              Tuesday                    6
              Wednesday                  0
              Thursday                   0
              Friday                     0
              Saturday                   0
              Sunday                     0
2025-10       Monday                    10
              Tuesday                   23
              Wednesday                 35
              Thursday                  33
              Friday                    81
              Saturday                   3
              Sunday                     0
2025-11       Monday                     8
              Tuesday                    9
              Wednesday                 10
              Thursday                  23
              Friday                    46
              Saturday                   3
              Sunday                     1
2025-12       Monday                     3
              Tuesday                    8
              Wednesday                 10
              Thursday                   4
              Friday                    28
              Saturday                   0
              Sunday                     0
2026-01       Monday                     2
              Tuesday                   10
              Wednesday                 10
              Thursday                  18
              Friday                    32
              Saturday                   1
              Sunday                     1
2026-02       Monday                     3
              Tuesday                   29
              Wednesday                 10
              Thursday                  23
              Friday                    44
              Saturday                   4
              Sunday                     5
2026-03       Monday                     3
              Tuesday                   15
              Wednesday                  5
              Thursday                   8
              Friday                    35
              Saturday                   1
              Sunday                     8
Name: attendee_raw, dtype: int64
2026-03-24 23:47:18,383 | INFO | Per weekday attendance (non-TAs) by week:
week_period            attendee_local_weekday
2025-09-29/2025-10-05  Monday                     0
                       Tuesday                    6
                       Wednesday                  3
                       Thursday                   5
                       Friday                    18
                                                 ..
2026-03-16/2026-03-22  Wednesday                  1
                       Thursday                   2
                       Friday                     7
                       Saturday                   0
                       Sunday                     2
Name: attendee_raw, Length: 154, dtype: int64
2026-03-24 23:47:18,386 | INFO | Number of workblocks hosted per month:
month_period  attendee_role
2025-09       TA                3
2025-10       Learner          16
              TA               49
2025-11       Learner          16
              TA               34
2025-12       Learner           6
              TA               24
2026-01       Learner           7
              TA               34
2026-02       Learner          17
              TA               42
2026-03       Learner          15
              TA               29
Name: attendee_raw, dtype: int64
2026-03-24 23:47:18,387 | INFO | Number of workblocks hosted per week:
week_period            attendee_role
2025-09-29/2025-10-05  Learner           1
                       TA               10
2025-10-06/2025-10-12  Learner           4
                       TA               10
2025-10-13/2025-10-19  Learner           4
                       TA               11
2025-10-20/2025-10-26  Learner           5
                       TA               12
2025-10-27/2025-11-02  Learner           3
                       TA               11
2025-11-03/2025-11-09  Learner           5
                       TA               11
2025-11-10/2025-11-16  Learner           4
                       TA               10
2025-11-17/2025-11-23  Learner           6
                       TA               10
2025-11-24/2025-11-30  TA                1
2025-12-01/2025-12-07  Learner           2
                       TA               11
2025-12-08/2025-12-14  Learner           4
                       TA               10
2025-12-15/2025-12-21  TA                3
2026-01-05/2026-01-11  TA                2
2026-01-12/2026-01-18  Learner           2
                       TA               11
2026-01-19/2026-01-25  Learner           3
                       TA               10
2026-01-26/2026-02-01  Learner           3
                       TA               11
2026-02-02/2026-02-08  Learner           2
                       TA               12
2026-02-09/2026-02-15  Learner           4
                       TA                9
2026-02-16/2026-02-22  Learner           5
                       TA               10
2026-02-23/2026-03-01  Learner           8
                       TA               12
2026-03-02/2026-03-08  Learner           6
                       TA               11
2026-03-09/2026-03-15  Learner           4
                       TA               10
2026-03-16/2026-03-22  Learner           2
                       TA                7
Name: attendee_raw, dtype: int64
2026-03-24 23:47:18,389 | INFO | Number of workblocks hosted per weekday:
month_period  attendee_local_weekday  attendee_role
2025-09       Monday                  Learner          0
                                      TA               0
              Tuesday                 Learner          0
                                      TA               3
              Wednesday               Learner          0
                                                      ..
2026-03       Friday                  TA               8
              Saturday                Learner          1
                                      TA               0
              Sunday                  Learner          4
                                      TA               4
Name: attendee_raw, Length: 98, dtype: int64
